<html>
  <body>
    <h1>Statement for BigCo</h1>
  </body>
</html>